MPLINK 4.34, Linker
Linker Map File - Created Sun Oct 18 11:52:33 2015

                                 Section Info
                  Section       Type    Address   Location Size(Bytes)
                ---------  ---------  ---------  ---------  ---------
                   .org_0       code   0x000000    program   0x000000
                   .org_1       code   0x000000    program   0x0004f0
  .config_2007_CAFETERA.O       code   0x002007    program   0x000002



                              Program Memory Usage 
                               Start         End      
                           ---------   ---------      
                            0x000000    0x000277      
                            0x002007    0x002007      
            633 out of 1093 program addresses used, program memory utilization is 57%



                              Symbols - Sorted by Name
                     Name    Address   Location    Storage File                     
                ---------  ---------  ---------  --------- ---------                
               BIENVENIDO   0x000002    program     static C:\Users\CAMILO\Desktop\JAVIER\CAFETERA\CAFETERA.ASM
           CAFE_CON_LECHE   0x000035    program     static C:\Users\CAMILO\Desktop\JAVIER\CAFETERA\CAFETERA.ASM
            CAFE_EN_LECHE   0x000046    program     static C:\Users\CAMILO\Desktop\JAVIER\CAFETERA\CAFETERA.ASM
               CAFE_NEGRO   0x000024    program     static C:\Users\CAMILO\Desktop\JAVIER\CAFETERA\CAFETERA.ASM
         DISPENSANDO_AGUA   0x000068    program     static C:\Users\CAMILO\Desktop\JAVIER\CAFETERA\CAFETERA.ASM
         DISPENSANDO_CAFE   0x000079    program     static C:\Users\CAMILO\Desktop\JAVIER\CAFETERA\CAFETERA.ASM
        DISPENSANDO_LECHE   0x00008a    program     static C:\Users\CAMILO\Desktop\JAVIER\CAFETERA\CAFETERA.ASM
      DISPENSANDO_TINTO_1   0x000104    program     static C:\Users\CAMILO\Desktop\JAVIER\CAFETERA\CAFETERA.ASM
      DISPENSANDO_TINTO_2   0x00013d    program     static C:\Users\CAMILO\Desktop\JAVIER\CAFETERA\CAFETERA.ASM
      DISPENSANDO_TINTO_3   0x000171    program     static C:\Users\CAMILO\Desktop\JAVIER\CAFETERA\CAFETERA.ASM
                  ENTER_1   0x0000ef    program     static C:\Users\CAMILO\Desktop\JAVIER\CAFETERA\CAFETERA.ASM
          INGRESE_MONEDAS   0x000057    program     static C:\Users\CAMILO\Desktop\JAVIER\CAFETERA\CAFETERA.ASM
                   INICIO   0x0000ac    program     static C:\Users\CAMILO\Desktop\JAVIER\CAFETERA\CAFETERA.ASM
      LCD_2Lineas4Bits5x7   0x000232    program     static C:\Users\CAMILO\Desktop\JAVIER\CAFETERA\LCD_4BIT.INC
                LCD_Borra   0x000230    program     static C:\Users\CAMILO\Desktop\JAVIER\CAFETERA\LCD_4BIT.INC
                 LCD_Byte   0x000262    program     static C:\Users\CAMILO\Desktop\JAVIER\CAFETERA\LCD_4BIT.INC
         LCD_ByteCompleto   0x000269    program     static C:\Users\CAMILO\Desktop\JAVIER\CAFETERA\LCD_4BIT.INC
             LCD_Caracter   0x000235    program     static C:\Users\CAMILO\Desktop\JAVIER\CAFETERA\LCD_4BIT.INC
          LCD_CodigoCGROM   0x00023f    program     static C:\Users\CAMILO\Desktop\JAVIER\CAFETERA\LCD_4BIT.INC
           LCD_CursorIncr   0x000220    program     static C:\Users\CAMILO\Desktop\JAVIER\CAFETERA\LCD_4BIT.INC
            LCD_CursorOFF   0x00022e    program     static C:\Users\CAMILO\Desktop\JAVIER\CAFETERA\LCD_4BIT.INC
             LCD_CursorON   0x00022c    program     static C:\Users\CAMILO\Desktop\JAVIER\CAFETERA\LCD_4BIT.INC
   LCD_DosEspaciosBlancos   0x000259    program     static C:\Users\CAMILO\Desktop\JAVIER\CAFETERA\LCD_4BIT.INC
        LCD_EnheMayuscula   0x000246    program     static C:\Users\CAMILO\Desktop\JAVIER\CAFETERA\LCD_4BIT.INC
        LCD_EnheMinuscula   0x000240    program     static C:\Users\CAMILO\Desktop\JAVIER\CAFETERA\LCD_4BIT.INC
                LCD_Envia   0x000237    program     static C:\Users\CAMILO\Desktop\JAVIER\CAFETERA\LCD_4BIT.INC
         LCD_EnviaBlancos   0x00025c    program     static C:\Users\CAMILO\Desktop\JAVIER\CAFETERA\LCD_4BIT.INC
       LCD_EnviaByteLetra   0x000275    program     static C:\Users\CAMILO\Desktop\JAVIER\CAFETERA\LCD_4BIT.INC
         LCD_EnviaComando   0x000233    program     static C:\Users\CAMILO\Desktop\JAVIER\CAFETERA\LCD_4BIT.INC
      LCD_EnviaOtroBlanco   0x00025d    program     static C:\Users\CAMILO\Desktop\JAVIER\CAFETERA\LCD_4BIT.INC
         LCD_EsFinalLinea   0x0001e2    program     static C:\Users\CAMILO\Desktop\JAVIER\CAFETERA\LCD_MENS.INC
           LCD_EscribeLCD   0x00020c    program     static C:\Users\CAMILO\Desktop\JAVIER\CAFETERA\LCD_4BIT.INC
             LCD_FinCGROM   0x000253    program     static C:\Users\CAMILO\Desktop\JAVIER\CAFETERA\LCD_4BIT.INC
           LCD_FinMensaje   0x0001d7    program     static C:\Users\CAMILO\Desktop\JAVIER\CAFETERA\LCD_MENS.INC
        LCD_FinMovimiento   0x0001f1    program     static C:\Users\CAMILO\Desktop\JAVIER\CAFETERA\LCD_MENS.INC
   LCD_FinVisualizaDigito   0x000277    program     static C:\Users\CAMILO\Desktop\JAVIER\CAFETERA\LCD_4BIT.INC
                LCD_Grado   0x00024d    program     static C:\Users\CAMILO\Desktop\JAVIER\CAFETERA\LCD_4BIT.INC
           LCD_Inicializa   0x0001f2    program     static C:\Users\CAMILO\Desktop\JAVIER\CAFETERA\LCD_4BIT.INC
               LCD_Linea1   0x000222    program     static C:\Users\CAMILO\Desktop\JAVIER\CAFETERA\LCD_4BIT.INC
               LCD_Linea2   0x000224    program     static C:\Users\CAMILO\Desktop\JAVIER\CAFETERA\LCD_4BIT.INC
        LCD_LineaEnBlanco   0x000255    program     static C:\Users\CAMILO\Desktop\JAVIER\CAFETERA\LCD_4BIT.INC
              LCD_Mensaje   0x0001ca    program     static C:\Users\CAMILO\Desktop\JAVIER\CAFETERA\LCD_MENS.INC
    LCD_MensajeMovimiento   0x0001d8    program     static C:\Users\CAMILO\Desktop\JAVIER\CAFETERA\LCD_MENS.INC
               LCD_Nibble   0x00026d    program     static C:\Users\CAMILO\Desktop\JAVIER\CAFETERA\LCD_4BIT.INC
       LCD_NoEsFinalLinea   0x0001e7    program     static C:\Users\CAMILO\Desktop\JAVIER\CAFETERA\LCD_MENS.INC
     LCD_NoUltimoCaracter   0x0001d4    program     static C:\Users\CAMILO\Desktop\JAVIER\CAFETERA\LCD_MENS.INC
    LCD_NoUltimoCaracter2   0x0001ed    program     static C:\Users\CAMILO\Desktop\JAVIER\CAFETERA\LCD_MENS.INC
                  LCD_OFF   0x00022a    program     static C:\Users\CAMILO\Desktop\JAVIER\CAFETERA\LCD_4BIT.INC
       LCD_PosicionLinea1   0x000226    program     static C:\Users\CAMILO\Desktop\JAVIER\CAFETERA\LCD_4BIT.INC
       LCD_PosicionLinea2   0x000228    program     static C:\Users\CAMILO\Desktop\JAVIER\CAFETERA\LCD_4BIT.INC
      LCD_PrimeraPosicion   0x0001dc    program     static C:\Users\CAMILO\Desktop\JAVIER\CAFETERA\LCD_MENS.INC
  LCD_TresEspaciosBlancos   0x00025b    program     static C:\Users\CAMILO\Desktop\JAVIER\CAFETERA\LCD_4BIT.INC
      LCD_UnEspacioBlanco   0x000257    program     static C:\Users\CAMILO\Desktop\JAVIER\CAFETERA\LCD_4BIT.INC
        LCD_VisualizaAlto   0x00026a    program     static C:\Users\CAMILO\Desktop\JAVIER\CAFETERA\LCD_4BIT.INC
        LCD_VisualizaBajo   0x00026c    program     static C:\Users\CAMILO\Desktop\JAVIER\CAFETERA\LCD_4BIT.INC
    LCD_VisualizaCaracter   0x0001de    program     static C:\Users\CAMILO\Desktop\JAVIER\CAFETERA\LCD_MENS.INC
LCD_VisualizaOtroCaracter   0x0001ce    program     static C:\Users\CAMILO\Desktop\JAVIER\CAFETERA\LCD_MENS.INC
                 Mensajes   0x000001    program     static C:\Users\CAMILO\Desktop\JAVIER\CAFETERA\CAFETERA.ASM
             PREG_TINTO_1   0x0000f1    program     static C:\Users\CAMILO\Desktop\JAVIER\CAFETERA\CAFETERA.ASM
             PREG_TINTO_2   0x0000db    program     static C:\Users\CAMILO\Desktop\JAVIER\CAFETERA\CAFETERA.ASM
           PREG_TINTO_2.1   0x00011e    program     static C:\Users\CAMILO\Desktop\JAVIER\CAFETERA\CAFETERA.ASM
                PRINCIPAL   0x0000b5    program     static C:\Users\CAMILO\Desktop\JAVIER\CAFETERA\CAFETERA.ASM
    R1Decima_BucleExterno   0x0001c0    program     static C:\Users\CAMILO\Desktop\JAVIER\CAFETERA\RETARDOS.INC
   R1Decima_BucleExterno2   0x0001be    program     static C:\Users\CAMILO\Desktop\JAVIER\CAFETERA\RETARDOS.INC
    R1Decima_BucleInterno   0x0001c2    program     static C:\Users\CAMILO\Desktop\JAVIER\CAFETERA\RETARDOS.INC
        R1ms_BucleExterno   0x0001aa    program     static C:\Users\CAMILO\Desktop\JAVIER\CAFETERA\RETARDOS.INC
        R1ms_BucleInterno   0x0001ac    program     static C:\Users\CAMILO\Desktop\JAVIER\CAFETERA\RETARDOS.INC
             RETIRAR_CAFE   0x000115    program     static C:\Users\CAMILO\Desktop\JAVIER\CAFETERA\CAFETERA.ASM
              RETIRE_CAFE   0x00009b    program     static C:\Users\CAMILO\Desktop\JAVIER\CAFETERA\CAFETERA.ASM
                RETORNO_1   0x0000ca    program     static C:\Users\CAMILO\Desktop\JAVIER\CAFETERA\CAFETERA.ASM
                RETORNO_2   0x0000ff    program     static C:\Users\CAMILO\Desktop\JAVIER\CAFETERA\CAFETERA.ASM
                RETORNO_3   0x00011a    program     static C:\Users\CAMILO\Desktop\JAVIER\CAFETERA\CAFETERA.ASM
                RETORNO_4   0x00012e    program     static C:\Users\CAMILO\Desktop\JAVIER\CAFETERA\CAFETERA.ASM
                RETORNO_5   0x000162    program     static C:\Users\CAMILO\Desktop\JAVIER\CAFETERA\CAFETERA.ASM
            RetardoMicros   0x000196    program     static C:\Users\CAMILO\Desktop\JAVIER\CAFETERA\RETARDOS.INC
        Retardo_100micros   0x000190    program     static C:\Users\CAMILO\Desktop\JAVIER\CAFETERA\RETARDOS.INC
            Retardo_100ms   0x00019c    program     static C:\Users\CAMILO\Desktop\JAVIER\CAFETERA\RETARDOS.INC
         Retardo_10micros   0x000183    program     static C:\Users\CAMILO\Desktop\JAVIER\CAFETERA\RETARDOS.INC
             Retardo_10ms   0x0001a2    program     static C:\Users\CAMILO\Desktop\JAVIER\CAFETERA\RETARDOS.INC
              Retardo_10s   0x0001b4    program     static C:\Users\CAMILO\Desktop\JAVIER\CAFETERA\RETARDOS.INC
          Retardo_1Decima   0x0001bd    program     static C:\Users\CAMILO\Desktop\JAVIER\CAFETERA\RETARDOS.INC
              Retardo_1ms   0x0001a8    program     static C:\Users\CAMILO\Desktop\JAVIER\CAFETERA\RETARDOS.INC
               Retardo_1s   0x0001ba    program     static C:\Users\CAMILO\Desktop\JAVIER\CAFETERA\RETARDOS.INC
        Retardo_200micros   0x00018d    program     static C:\Users\CAMILO\Desktop\JAVIER\CAFETERA\RETARDOS.INC
            Retardo_200ms   0x00019a    program     static C:\Users\CAMILO\Desktop\JAVIER\CAFETERA\RETARDOS.INC
         Retardo_20micros   0x000195    program     static C:\Users\CAMILO\Desktop\JAVIER\CAFETERA\RETARDOS.INC
             Retardo_20ms   0x0001a0    program     static C:\Users\CAMILO\Desktop\JAVIER\CAFETERA\RETARDOS.INC
              Retardo_20s   0x0001b2    program     static C:\Users\CAMILO\Desktop\JAVIER\CAFETERA\RETARDOS.INC
              Retardo_2ms   0x0001a6    program     static C:\Users\CAMILO\Desktop\JAVIER\CAFETERA\RETARDOS.INC
               Retardo_2s   0x0001b8    program     static C:\Users\CAMILO\Desktop\JAVIER\CAFETERA\RETARDOS.INC
          Retardo_4micros   0x000189    program     static C:\Users\CAMILO\Desktop\JAVIER\CAFETERA\RETARDOS.INC
        Retardo_500micros   0x00018a    program     static C:\Users\CAMILO\Desktop\JAVIER\CAFETERA\RETARDOS.INC
            Retardo_500ms   0x0001bc    program     static C:\Users\CAMILO\Desktop\JAVIER\CAFETERA\RETARDOS.INC
         Retardo_50micros   0x000192    program     static C:\Users\CAMILO\Desktop\JAVIER\CAFETERA\RETARDOS.INC
             Retardo_50ms   0x00019e    program     static C:\Users\CAMILO\Desktop\JAVIER\CAFETERA\RETARDOS.INC
          Retardo_5micros   0x000188    program     static C:\Users\CAMILO\Desktop\JAVIER\CAFETERA\RETARDOS.INC
              Retardo_5ms   0x0001a4    program     static C:\Users\CAMILO\Desktop\JAVIER\CAFETERA\RETARDOS.INC
               Retardo_5s   0x0001b6    program     static C:\Users\CAMILO\Desktop\JAVIER\CAFETERA\RETARDOS.INC
              Retardos_ms   0x0001a9    program     static C:\Users\CAMILO\Desktop\JAVIER\CAFETERA\RETARDOS.INC
            Rmicros_Bucle   0x000197    program     static C:\Users\CAMILO\Desktop\JAVIER\CAFETERA\RETARDOS.INC
                    SELEC   0x000013    program     static C:\Users\CAMILO\Desktop\JAVIER\CAFETERA\CAFETERA.ASM
                 SELECT_1   0x0000cf    program     static C:\Users\CAMILO\Desktop\JAVIER\CAFETERA\CAFETERA.ASM
                  TINTO_1   0x0000d3    program     static C:\Users\CAMILO\Desktop\JAVIER\CAFETERA\CAFETERA.ASM
                TINTO_1.1   0x0000f5    program     static C:\Users\CAMILO\Desktop\JAVIER\CAFETERA\CAFETERA.ASM
                  TINTO_2   0x0000df    program     static C:\Users\CAMILO\Desktop\JAVIER\CAFETERA\CAFETERA.ASM
                TINTO_2.1   0x000122    program     static C:\Users\CAMILO\Desktop\JAVIER\CAFETERA\CAFETERA.ASM
                  TINTO_3   0x0000e7    program     static C:\Users\CAMILO\Desktop\JAVIER\CAFETERA\CAFETERA.ASM
                TINTO_3.1   0x000156    program     static C:\Users\CAMILO\Desktop\JAVIER\CAFETERA\CAFETERA.ASM



                              Symbols - Sorted by Address
                     Name    Address   Location    Storage File                     
                ---------  ---------  ---------  --------- ---------                
                 Mensajes   0x000001    program     static C:\Users\CAMILO\Desktop\JAVIER\CAFETERA\CAFETERA.ASM
               BIENVENIDO   0x000002    program     static C:\Users\CAMILO\Desktop\JAVIER\CAFETERA\CAFETERA.ASM
                    SELEC   0x000013    program     static C:\Users\CAMILO\Desktop\JAVIER\CAFETERA\CAFETERA.ASM
               CAFE_NEGRO   0x000024    program     static C:\Users\CAMILO\Desktop\JAVIER\CAFETERA\CAFETERA.ASM
           CAFE_CON_LECHE   0x000035    program     static C:\Users\CAMILO\Desktop\JAVIER\CAFETERA\CAFETERA.ASM
            CAFE_EN_LECHE   0x000046    program     static C:\Users\CAMILO\Desktop\JAVIER\CAFETERA\CAFETERA.ASM
          INGRESE_MONEDAS   0x000057    program     static C:\Users\CAMILO\Desktop\JAVIER\CAFETERA\CAFETERA.ASM
         DISPENSANDO_AGUA   0x000068    program     static C:\Users\CAMILO\Desktop\JAVIER\CAFETERA\CAFETERA.ASM
         DISPENSANDO_CAFE   0x000079    program     static C:\Users\CAMILO\Desktop\JAVIER\CAFETERA\CAFETERA.ASM
        DISPENSANDO_LECHE   0x00008a    program     static C:\Users\CAMILO\Desktop\JAVIER\CAFETERA\CAFETERA.ASM
              RETIRE_CAFE   0x00009b    program     static C:\Users\CAMILO\Desktop\JAVIER\CAFETERA\CAFETERA.ASM
                   INICIO   0x0000ac    program     static C:\Users\CAMILO\Desktop\JAVIER\CAFETERA\CAFETERA.ASM
                PRINCIPAL   0x0000b5    program     static C:\Users\CAMILO\Desktop\JAVIER\CAFETERA\CAFETERA.ASM
                RETORNO_1   0x0000ca    program     static C:\Users\CAMILO\Desktop\JAVIER\CAFETERA\CAFETERA.ASM
                 SELECT_1   0x0000cf    program     static C:\Users\CAMILO\Desktop\JAVIER\CAFETERA\CAFETERA.ASM
                  TINTO_1   0x0000d3    program     static C:\Users\CAMILO\Desktop\JAVIER\CAFETERA\CAFETERA.ASM
             PREG_TINTO_2   0x0000db    program     static C:\Users\CAMILO\Desktop\JAVIER\CAFETERA\CAFETERA.ASM
                  TINTO_2   0x0000df    program     static C:\Users\CAMILO\Desktop\JAVIER\CAFETERA\CAFETERA.ASM
                  TINTO_3   0x0000e7    program     static C:\Users\CAMILO\Desktop\JAVIER\CAFETERA\CAFETERA.ASM
                  ENTER_1   0x0000ef    program     static C:\Users\CAMILO\Desktop\JAVIER\CAFETERA\CAFETERA.ASM
             PREG_TINTO_1   0x0000f1    program     static C:\Users\CAMILO\Desktop\JAVIER\CAFETERA\CAFETERA.ASM
                TINTO_1.1   0x0000f5    program     static C:\Users\CAMILO\Desktop\JAVIER\CAFETERA\CAFETERA.ASM
                RETORNO_2   0x0000ff    program     static C:\Users\CAMILO\Desktop\JAVIER\CAFETERA\CAFETERA.ASM
      DISPENSANDO_TINTO_1   0x000104    program     static C:\Users\CAMILO\Desktop\JAVIER\CAFETERA\CAFETERA.ASM
             RETIRAR_CAFE   0x000115    program     static C:\Users\CAMILO\Desktop\JAVIER\CAFETERA\CAFETERA.ASM
                RETORNO_3   0x00011a    program     static C:\Users\CAMILO\Desktop\JAVIER\CAFETERA\CAFETERA.ASM
           PREG_TINTO_2.1   0x00011e    program     static C:\Users\CAMILO\Desktop\JAVIER\CAFETERA\CAFETERA.ASM
                TINTO_2.1   0x000122    program     static C:\Users\CAMILO\Desktop\JAVIER\CAFETERA\CAFETERA.ASM
                RETORNO_4   0x00012e    program     static C:\Users\CAMILO\Desktop\JAVIER\CAFETERA\CAFETERA.ASM
      DISPENSANDO_TINTO_2   0x00013d    program     static C:\Users\CAMILO\Desktop\JAVIER\CAFETERA\CAFETERA.ASM
                TINTO_3.1   0x000156    program     static C:\Users\CAMILO\Desktop\JAVIER\CAFETERA\CAFETERA.ASM
                RETORNO_5   0x000162    program     static C:\Users\CAMILO\Desktop\JAVIER\CAFETERA\CAFETERA.ASM
      DISPENSANDO_TINTO_3   0x000171    program     static C:\Users\CAMILO\Desktop\JAVIER\CAFETERA\CAFETERA.ASM
         Retardo_10micros   0x000183    program     static C:\Users\CAMILO\Desktop\JAVIER\CAFETERA\RETARDOS.INC
          Retardo_5micros   0x000188    program     static C:\Users\CAMILO\Desktop\JAVIER\CAFETERA\RETARDOS.INC
          Retardo_4micros   0x000189    program     static C:\Users\CAMILO\Desktop\JAVIER\CAFETERA\RETARDOS.INC
        Retardo_500micros   0x00018a    program     static C:\Users\CAMILO\Desktop\JAVIER\CAFETERA\RETARDOS.INC
        Retardo_200micros   0x00018d    program     static C:\Users\CAMILO\Desktop\JAVIER\CAFETERA\RETARDOS.INC
        Retardo_100micros   0x000190    program     static C:\Users\CAMILO\Desktop\JAVIER\CAFETERA\RETARDOS.INC
         Retardo_50micros   0x000192    program     static C:\Users\CAMILO\Desktop\JAVIER\CAFETERA\RETARDOS.INC
         Retardo_20micros   0x000195    program     static C:\Users\CAMILO\Desktop\JAVIER\CAFETERA\RETARDOS.INC
            RetardoMicros   0x000196    program     static C:\Users\CAMILO\Desktop\JAVIER\CAFETERA\RETARDOS.INC
            Rmicros_Bucle   0x000197    program     static C:\Users\CAMILO\Desktop\JAVIER\CAFETERA\RETARDOS.INC
            Retardo_200ms   0x00019a    program     static C:\Users\CAMILO\Desktop\JAVIER\CAFETERA\RETARDOS.INC
            Retardo_100ms   0x00019c    program     static C:\Users\CAMILO\Desktop\JAVIER\CAFETERA\RETARDOS.INC
             Retardo_50ms   0x00019e    program     static C:\Users\CAMILO\Desktop\JAVIER\CAFETERA\RETARDOS.INC
             Retardo_20ms   0x0001a0    program     static C:\Users\CAMILO\Desktop\JAVIER\CAFETERA\RETARDOS.INC
             Retardo_10ms   0x0001a2    program     static C:\Users\CAMILO\Desktop\JAVIER\CAFETERA\RETARDOS.INC
              Retardo_5ms   0x0001a4    program     static C:\Users\CAMILO\Desktop\JAVIER\CAFETERA\RETARDOS.INC
              Retardo_2ms   0x0001a6    program     static C:\Users\CAMILO\Desktop\JAVIER\CAFETERA\RETARDOS.INC
              Retardo_1ms   0x0001a8    program     static C:\Users\CAMILO\Desktop\JAVIER\CAFETERA\RETARDOS.INC
              Retardos_ms   0x0001a9    program     static C:\Users\CAMILO\Desktop\JAVIER\CAFETERA\RETARDOS.INC
        R1ms_BucleExterno   0x0001aa    program     static C:\Users\CAMILO\Desktop\JAVIER\CAFETERA\RETARDOS.INC
        R1ms_BucleInterno   0x0001ac    program     static C:\Users\CAMILO\Desktop\JAVIER\CAFETERA\RETARDOS.INC
              Retardo_20s   0x0001b2    program     static C:\Users\CAMILO\Desktop\JAVIER\CAFETERA\RETARDOS.INC
              Retardo_10s   0x0001b4    program     static C:\Users\CAMILO\Desktop\JAVIER\CAFETERA\RETARDOS.INC
               Retardo_5s   0x0001b6    program     static C:\Users\CAMILO\Desktop\JAVIER\CAFETERA\RETARDOS.INC
               Retardo_2s   0x0001b8    program     static C:\Users\CAMILO\Desktop\JAVIER\CAFETERA\RETARDOS.INC
               Retardo_1s   0x0001ba    program     static C:\Users\CAMILO\Desktop\JAVIER\CAFETERA\RETARDOS.INC
            Retardo_500ms   0x0001bc    program     static C:\Users\CAMILO\Desktop\JAVIER\CAFETERA\RETARDOS.INC
          Retardo_1Decima   0x0001bd    program     static C:\Users\CAMILO\Desktop\JAVIER\CAFETERA\RETARDOS.INC
   R1Decima_BucleExterno2   0x0001be    program     static C:\Users\CAMILO\Desktop\JAVIER\CAFETERA\RETARDOS.INC
    R1Decima_BucleExterno   0x0001c0    program     static C:\Users\CAMILO\Desktop\JAVIER\CAFETERA\RETARDOS.INC
    R1Decima_BucleInterno   0x0001c2    program     static C:\Users\CAMILO\Desktop\JAVIER\CAFETERA\RETARDOS.INC
              LCD_Mensaje   0x0001ca    program     static C:\Users\CAMILO\Desktop\JAVIER\CAFETERA\LCD_MENS.INC
LCD_VisualizaOtroCaracter   0x0001ce    program     static C:\Users\CAMILO\Desktop\JAVIER\CAFETERA\LCD_MENS.INC
     LCD_NoUltimoCaracter   0x0001d4    program     static C:\Users\CAMILO\Desktop\JAVIER\CAFETERA\LCD_MENS.INC
           LCD_FinMensaje   0x0001d7    program     static C:\Users\CAMILO\Desktop\JAVIER\CAFETERA\LCD_MENS.INC
    LCD_MensajeMovimiento   0x0001d8    program     static C:\Users\CAMILO\Desktop\JAVIER\CAFETERA\LCD_MENS.INC
      LCD_PrimeraPosicion   0x0001dc    program     static C:\Users\CAMILO\Desktop\JAVIER\CAFETERA\LCD_MENS.INC
    LCD_VisualizaCaracter   0x0001de    program     static C:\Users\CAMILO\Desktop\JAVIER\CAFETERA\LCD_MENS.INC
         LCD_EsFinalLinea   0x0001e2    program     static C:\Users\CAMILO\Desktop\JAVIER\CAFETERA\LCD_MENS.INC
       LCD_NoEsFinalLinea   0x0001e7    program     static C:\Users\CAMILO\Desktop\JAVIER\CAFETERA\LCD_MENS.INC
    LCD_NoUltimoCaracter2   0x0001ed    program     static C:\Users\CAMILO\Desktop\JAVIER\CAFETERA\LCD_MENS.INC
        LCD_FinMovimiento   0x0001f1    program     static C:\Users\CAMILO\Desktop\JAVIER\CAFETERA\LCD_MENS.INC
           LCD_Inicializa   0x0001f2    program     static C:\Users\CAMILO\Desktop\JAVIER\CAFETERA\LCD_4BIT.INC
           LCD_EscribeLCD   0x00020c    program     static C:\Users\CAMILO\Desktop\JAVIER\CAFETERA\LCD_4BIT.INC
           LCD_CursorIncr   0x000220    program     static C:\Users\CAMILO\Desktop\JAVIER\CAFETERA\LCD_4BIT.INC
               LCD_Linea1   0x000222    program     static C:\Users\CAMILO\Desktop\JAVIER\CAFETERA\LCD_4BIT.INC
               LCD_Linea2   0x000224    program     static C:\Users\CAMILO\Desktop\JAVIER\CAFETERA\LCD_4BIT.INC
       LCD_PosicionLinea1   0x000226    program     static C:\Users\CAMILO\Desktop\JAVIER\CAFETERA\LCD_4BIT.INC
       LCD_PosicionLinea2   0x000228    program     static C:\Users\CAMILO\Desktop\JAVIER\CAFETERA\LCD_4BIT.INC
                  LCD_OFF   0x00022a    program     static C:\Users\CAMILO\Desktop\JAVIER\CAFETERA\LCD_4BIT.INC
             LCD_CursorON   0x00022c    program     static C:\Users\CAMILO\Desktop\JAVIER\CAFETERA\LCD_4BIT.INC
            LCD_CursorOFF   0x00022e    program     static C:\Users\CAMILO\Desktop\JAVIER\CAFETERA\LCD_4BIT.INC
                LCD_Borra   0x000230    program     static C:\Users\CAMILO\Desktop\JAVIER\CAFETERA\LCD_4BIT.INC
      LCD_2Lineas4Bits5x7   0x000232    program     static C:\Users\CAMILO\Desktop\JAVIER\CAFETERA\LCD_4BIT.INC
         LCD_EnviaComando   0x000233    program     static C:\Users\CAMILO\Desktop\JAVIER\CAFETERA\LCD_4BIT.INC
             LCD_Caracter   0x000235    program     static C:\Users\CAMILO\Desktop\JAVIER\CAFETERA\LCD_4BIT.INC
                LCD_Envia   0x000237    program     static C:\Users\CAMILO\Desktop\JAVIER\CAFETERA\LCD_4BIT.INC
          LCD_CodigoCGROM   0x00023f    program     static C:\Users\CAMILO\Desktop\JAVIER\CAFETERA\LCD_4BIT.INC
        LCD_EnheMinuscula   0x000240    program     static C:\Users\CAMILO\Desktop\JAVIER\CAFETERA\LCD_4BIT.INC
        LCD_EnheMayuscula   0x000246    program     static C:\Users\CAMILO\Desktop\JAVIER\CAFETERA\LCD_4BIT.INC
                LCD_Grado   0x00024d    program     static C:\Users\CAMILO\Desktop\JAVIER\CAFETERA\LCD_4BIT.INC
             LCD_FinCGROM   0x000253    program     static C:\Users\CAMILO\Desktop\JAVIER\CAFETERA\LCD_4BIT.INC
        LCD_LineaEnBlanco   0x000255    program     static C:\Users\CAMILO\Desktop\JAVIER\CAFETERA\LCD_4BIT.INC
      LCD_UnEspacioBlanco   0x000257    program     static C:\Users\CAMILO\Desktop\JAVIER\CAFETERA\LCD_4BIT.INC
   LCD_DosEspaciosBlancos   0x000259    program     static C:\Users\CAMILO\Desktop\JAVIER\CAFETERA\LCD_4BIT.INC
  LCD_TresEspaciosBlancos   0x00025b    program     static C:\Users\CAMILO\Desktop\JAVIER\CAFETERA\LCD_4BIT.INC
         LCD_EnviaBlancos   0x00025c    program     static C:\Users\CAMILO\Desktop\JAVIER\CAFETERA\LCD_4BIT.INC
      LCD_EnviaOtroBlanco   0x00025d    program     static C:\Users\CAMILO\Desktop\JAVIER\CAFETERA\LCD_4BIT.INC
                 LCD_Byte   0x000262    program     static C:\Users\CAMILO\Desktop\JAVIER\CAFETERA\LCD_4BIT.INC
         LCD_ByteCompleto   0x000269    program     static C:\Users\CAMILO\Desktop\JAVIER\CAFETERA\LCD_4BIT.INC
        LCD_VisualizaAlto   0x00026a    program     static C:\Users\CAMILO\Desktop\JAVIER\CAFETERA\LCD_4BIT.INC
        LCD_VisualizaBajo   0x00026c    program     static C:\Users\CAMILO\Desktop\JAVIER\CAFETERA\LCD_4BIT.INC
               LCD_Nibble   0x00026d    program     static C:\Users\CAMILO\Desktop\JAVIER\CAFETERA\LCD_4BIT.INC
       LCD_EnviaByteLetra   0x000275    program     static C:\Users\CAMILO\Desktop\JAVIER\CAFETERA\LCD_4BIT.INC
   LCD_FinVisualizaDigito   0x000277    program     static C:\Users\CAMILO\Desktop\JAVIER\CAFETERA\LCD_4BIT.INC


